
> build
> vite build

The plugin "vite-tsconfig-paths" is detected. Vite now supports tsconfig paths resolution natively via the resolve.tsconfigPaths option. You can remove the plugin and set resolve.tsconfigPaths: true in your Vite config instead.
vite v8.1.5 building client environment for production...
[2Ktransforming...[plugin tanstack-start-core::server-fn:client] /Users/mac/Desktop/Vixe Software/src/lib/consultation.functions.ts:17:33 createServerFn().inputValidator() is deprecated. Use createServerFn().validator() instead.
[plugin tanstack-start-core::server-fn:client] /Users/mac/Desktop/Vixe Software/src/lib/payments.functions.ts:12:35 createServerFn().inputValidator() is deprecated. Use createServerFn().validator() instead.
[plugin tanstack-start-core::server-fn:client] /Users/mac/Desktop/Vixe Software/src/lib/payments.functions.ts:69:31 createServerFn().inputValidator() is deprecated. Use createServerFn().validator() instead.
✓ 1967 modules transformed.
rendering chunks...
computing gzip size...
.output/public/assets/hero-Cy0wRDJP.jpg            97.63 kB
.output/public/assets/styles-laEI0TxC.css          88.80 kB │ gzip:  14.43 kB
.output/public/assets/check-BX5vqDNv.js             0.11 kB │ gzip:   0.13 kB
.output/public/assets/arrow-right-DY3GwCfn.js       0.15 kB │ gzip:   0.15 kB
.output/public/assets/circle-check-SrECfCFx.js      0.17 kB │ gzip:   0.16 kB
.output/public/assets/sparkles-BUHSWns2.js          0.48 kB │ gzip:   0.27 kB
.output/public/assets/section-CH0Rsb9U.js           0.71 kB │ gzip:   0.41 kB
.output/public/assets/faq-Dej0Jcr2.js               1.30 kB │ gzip:   0.67 kB
.output/public/assets/contact-DRb6SrgD.js           2.68 kB │ gzip:   1.15 kB
.output/public/assets/pricing-CIixgYku.js           3.01 kB │ gzip:   1.05 kB
.output/public/assets/services-DNxSWtYh.js          3.14 kB │ gzip:   1.12 kB
.output/public/assets/portfolio-Bk0V6bih.js         3.16 kB │ gzip:   1.30 kB
.output/public/assets/certifications-1wurM-WZ.js    3.62 kB │ gzip:   1.33 kB
.output/public/assets/loader-circle-BYlLyTGj.js     4.80 kB │ gzip:   2.05 kB
.output/public/assets/about-CoAZFJB4.js             5.12 kB │ gzip:   2.03 kB
.output/public/assets/consultation-gA4FM-Ba.js      6.11 kB │ gzip:   2.11 kB
.output/public/assets/payment-8p_Pq_5a.js           7.01 kB │ gzip:   2.40 kB
.output/public/assets/routes-CD7zz4M0.js            7.38 kB │ gzip:   2.46 kB
.output/public/assets/site-data-BgufroH1.js        21.10 kB │ gzip:   8.40 kB
.output/public/assets/index-D9yz-GYK.js           615.05 kB │ gzip: 175.94 kB

[plugin builtin:vite-reporter] 
(!) Some chunks are larger than 500 kB after minification. Consider:
- Using dynamic import() to code-split the application
- Use build.rolldownOptions.output.codeSplitting to improve chunking: https://rolldown.rs/reference/OutputOptions.codeSplitting
- Adjust chunk size limit for this warning via build.chunkSizeWarningLimit.
✓ built in 1.46s
vite v8.1.5 building ssr environment for production...
[2Ktransforming...[plugin tanstack-start-core::server-fn:ssr] /Users/mac/Desktop/Vixe Software/src/lib/payments.functions.ts?tss-serverfn-split:12:35 createServerFn().inputValidator() is deprecated. Use createServerFn().validator() instead.
[plugin tanstack-start-core::server-fn:ssr] /Users/mac/Desktop/Vixe Software/src/lib/payments.functions.ts?tss-serverfn-split:69:31 createServerFn().inputValidator() is deprecated. Use createServerFn().validator() instead.
[plugin tanstack-start-core::server-fn:ssr] /Users/mac/Desktop/Vixe Software/src/lib/consultation.functions.ts?tss-serverfn-split:17:33 createServerFn().inputValidator() is deprecated. Use createServerFn().validator() instead.
[plugin tanstack-start-core::server-fn:ssr] /Users/mac/Desktop/Vixe Software/src/lib/consultation.functions.ts:17:33 createServerFn().inputValidator() is deprecated. Use createServerFn().validator() instead.
[plugin tanstack-start-core::server-fn:ssr] /Users/mac/Desktop/Vixe Software/src/lib/payments.functions.ts:12:35 createServerFn().inputValidator() is deprecated. Use createServerFn().validator() instead.
[plugin tanstack-start-core::server-fn:ssr] /Users/mac/Desktop/Vixe Software/src/lib/payments.functions.ts:69:31 createServerFn().inputValidator() is deprecated. Use createServerFn().validator() instead.
✓ 95 modules transformed.
rendering chunks...
computing gzip size...
node_modules/.nitro/vite/services/ssr/assets/hero-Cy0wRDJP.jpg                                  97.63 kB
node_modules/.nitro/vite/services/ssr/assets/styles-laEI0TxC.css                                88.80 kB │ gzip: 14.43 kB
node_modules/.nitro/vite/services/ssr/assets/empty-plugin-adapters-D9UWiqvJ.js                   0.22 kB │ gzip:  0.16 kB
node_modules/.nitro/vite/services/ssr/assets/createServerRpc-B90ckaqP.js                         0.40 kB │ gzip:  0.27 kB
node_modules/.nitro/vite/services/ssr/assets/section-CFFPWMY7.js                                 1.02 kB │ gzip:  0.50 kB
node_modules/.nitro/vite/services/ssr/assets/payment-DA9ZM6IN.js                                 1.11 kB │ gzip:  0.53 kB
node_modules/.nitro/vite/services/ssr/assets/__23tanstack-start-server-fn-resolver-DDcbm2kS.js   1.19 kB │ gzip:  0.57 kB
node_modules/.nitro/vite/services/ssr/assets/createSsrRpc-CEBS3BWt.js                            1.23 kB │ gzip:  0.59 kB
node_modules/.nitro/vite/services/ssr/assets/client.server-Bw6iWMJ-.js                           1.72 kB │ gzip:  0.78 kB
node_modules/.nitro/vite/services/ssr/assets/faq-BKgJlHR1.js                                     1.77 kB │ gzip:  0.79 kB
node_modules/.nitro/vite/services/ssr/assets/consultation.functions-Vmta_R3e.js                  1.98 kB │ gzip:  0.88 kB
node_modules/.nitro/vite/services/ssr/assets/_tanstack-start-manifest_v-CJUaFsya.js              2.90 kB │ gzip:  0.72 kB
node_modules/.nitro/vite/services/ssr/assets/createCsrfMiddleware-B2To0gPJ.js                    3.19 kB │ gzip:  1.01 kB
node_modules/.nitro/vite/services/ssr/assets/start-BQsscJ-i.js                                   3.64 kB │ gzip:  1.47 kB
node_modules/.nitro/vite/services/ssr/assets/contact-DSmJndCi.js                                 3.67 kB │ gzip:  1.28 kB
node_modules/.nitro/vite/services/ssr/assets/payments.functions-CUPjXQgO.js                      3.71 kB │ gzip:  1.39 kB
node_modules/.nitro/vite/services/ssr/assets/portfolio-D1Ji3zQO.js                               4.05 kB │ gzip:  1.48 kB
node_modules/.nitro/vite/services/ssr/assets/services-BL1osRR1.js                                4.15 kB │ gzip:  1.32 kB
node_modules/.nitro/vite/services/ssr/assets/pricing-BrDi-JXT.js                                 4.20 kB │ gzip:  1.26 kB
node_modules/.nitro/vite/services/ssr/assets/certifications-DSNGre14.js                          4.45 kB │ gzip:  1.38 kB
node_modules/.nitro/vite/services/ssr/index.js                                                   4.61 kB │ gzip:  1.92 kB
node_modules/.nitro/vite/services/ssr/assets/about-XB6kvlpP.js                                   5.63 kB │ gzip:  1.87 kB
node_modules/.nitro/vite/services/ssr/assets/consultation-Cv2Nn9SH.js                            9.54 kB │ gzip:  2.70 kB
node_modules/.nitro/vite/services/ssr/assets/routes-DudT20j9.js                                  9.54 kB │ gzip:  2.61 kB
node_modules/.nitro/vite/services/ssr/assets/createServerFn-CIHAFgYl.js                          9.82 kB │ gzip:  2.99 kB
node_modules/.nitro/vite/services/ssr/assets/payment-vL9Xph63.js                                10.66 kB │ gzip:  3.10 kB
node_modules/.nitro/vite/services/ssr/assets/site-data-B4-xSq8U.js                              10.75 kB │ gzip:  3.79 kB
node_modules/.nitro/vite/services/ssr/assets/router-Vpq_3Hah.js                                 25.46 kB │ gzip:  6.24 kB
node_modules/.nitro/vite/services/ssr/assets/server-BhvIGPmD.js                                 53.13 kB │ gzip: 13.71 kB

✓ built in 638ms

[nitro] ◐ Building [Nitro] (preset: cloudflare-module, compatibility: 2026-07-25)
[nitro] ✔ Generated public .output/public
vite v8.1.5 building nitro environment for production...

 WARN  inlineDynamicImports option is ignored because the codeSplitting option is specified.

[2Ktransforming...✓ 2002 modules transformed.
rendering chunks...
computing gzip size...
.output/server/_ssr/empty-plugin-adapters-D9UWiqvJ.mjs               0.23 kB │ gzip:   0.16 kB
.output/server/_ssr/createServerRpc-B90ckaqP.mjs                     0.40 kB │ gzip:   0.27 kB
.output/server/_chunks/ssr-renderer.mjs                              0.60 kB │ gzip:   0.36 kB
.output/server/_runtime.mjs                                          1.14 kB │ gzip:   0.57 kB
.output/server/_libs/hookable.mjs                                    1.16 kB │ gzip:   0.51 kB
.output/server/_ssr/payment-DA9ZM6IN.mjs                             1.24 kB │ gzip:   0.60 kB
.output/server/__23tanstack-start-server-fn-resolver-DDcbm2kS.mjs    1.26 kB │ gzip:   0.61 kB
.output/server/_ssr/section-CFFPWMY7.mjs                             1.27 kB │ gzip:   0.58 kB
.output/server/_ssr/createSsrRpc-CEBS3BWt.mjs                        1.34 kB │ gzip:   0.66 kB
.output/server/_ssr/client.server-Bw6iWMJ-.mjs                       1.82 kB │ gzip:   0.83 kB
.output/server/_ssr/consultation.functions-Vmta_R3e.mjs              2.11 kB │ gzip:   0.93 kB
.output/server/_ssr/faq-BKgJlHR1.mjs                                 2.31 kB │ gzip:   0.90 kB
.output/server/_tanstack-start-manifest_v-CJUaFsya.mjs               2.95 kB │ gzip:   0.75 kB
.output/server/_ssr/createCsrfMiddleware-B2To0gPJ.mjs                3.11 kB │ gzip:   1.01 kB
.output/server/_ssr/start-BQsscJ-i.mjs                               3.55 kB │ gzip:   1.46 kB
.output/server/_ssr/payments.functions-CUPjXQgO.mjs                  3.89 kB │ gzip:   1.46 kB
.output/server/_ssr/contact-DSmJndCi.mjs                             4.45 kB │ gzip:   1.37 kB
.output/server/_ssr/ssr.mjs                                          4.55 kB │ gzip:   1.92 kB
.output/server/_ssr/portfolio-D1Ji3zQO.mjs                           4.83 kB │ gzip:   1.60 kB
.output/server/_ssr/services-BL1osRR1.mjs                            4.99 kB │ gzip:   1.41 kB
.output/server/_ssr/pricing-BrDi-JXT.mjs                             5.04 kB │ gzip:   1.35 kB
.output/server/_ssr/certifications-DSNGre14.mjs                      5.41 kB │ gzip:   1.51 kB
.output/server/_ssr/about-XB6kvlpP.mjs                               6.57 kB │ gzip:   1.96 kB
.output/server/_ssr/createServerFn-CIHAFgYl.mjs                      9.39 kB │ gzip:   2.99 kB
.output/server/_libs/h3-v2+rou3+srvx.mjs                             9.87 kB │ gzip:   3.06 kB
.output/server/_ssr/site-data-B4-xSq8U.mjs                          10.87 kB │ gzip:   3.85 kB
.output/server/_ssr/consultation-Cv2Nn9SH.mjs                       10.98 kB │ gzip:   2.83 kB
.output/server/_ssr/routes-DudT20j9.mjs                             11.11 kB │ gzip:   2.70 kB
.output/server/_libs/tanstack__history.mjs                          12.09 kB │ gzip:   3.48 kB
.output/server/_ssr/payment-vL9Xph63.mjs                            12.29 kB │ gzip:   3.23 kB
.output/server/_libs/supabase__functions-js.mjs                     12.52 kB │ gzip:   3.46 kB
.output/server/index.mjs                                            13.50 kB │ gzip:   4.06 kB
.output/server/_libs/h3+rou3+srvx.mjs                               16.62 kB │ gzip:   4.80 kB
.output/server/_libs/react+tanstack__react-query.mjs                17.65 kB │ gzip:   4.65 kB
.output/server/_libs/lucide-react.mjs                               22.89 kB │ gzip:   4.95 kB
.output/server/_ssr/router-Vpq_3Hah.mjs                             27.00 kB │ gzip:   6.30 kB
.output/server/_libs/supabase__supabase-js.mjs                      36.31 kB │ gzip:  10.76 kB
.output/server/_libs/tanstack__query-core.mjs                       48.17 kB │ gzip:  10.70 kB
.output/server/_libs/supabase__phoenix.mjs                          50.54 kB │ gzip:  12.76 kB
.output/server/_ssr/server-BhvIGPmD.mjs                             51.91 kB │ gzip:  13.60 kB
.output/server/_libs/supabase__realtime-js+unenv.mjs                78.21 kB │ gzip:  20.00 kB
.output/server/_libs/@tanstack/router-core+[...].mjs                80.24 kB │ gzip:  20.17 kB
.output/server/_libs/zod.mjs                                       100.33 kB │ gzip:  17.37 kB
.output/server/_libs/supabase__postgrest-js.mjs                    105.41 kB │ gzip:  21.66 kB
.output/server/_libs/@supabase/storage-js+[...].mjs                119.50 kB │ gzip:  22.34 kB
.output/server/_libs/supabase__auth-js+tslib.mjs                   303.25 kB │ gzip:  60.63 kB
.output/server/_libs/@tanstack/react-router+[...].mjs              663.06 kB │ gzip: 139.56 kB

✓ built in 601ms
[nitro] ℹ Using auto generated worker name: tanstack-start-ts
ℹ Generated .output/server/wrangler.json
ℹ Generated .wrangler/deploy/config.json
ℹ Generated .output/public/_headers
ℹ Generated .output/nitro.json

[nitro] ✔ You can preview this build using npx vite preview
[nitro] ✔ You can deploy this build using npx nitro deploy --prebuilt
